../Inc/core_cm4.h:1688:22:__NVIC_EnableIRQ	16	static
../Inc/core_cm4.h:1724:22:__NVIC_DisableIRQ	16	static,ignoring_inline_asm
../Inc/core_cm4.h:1777:22:__NVIC_ClearPendingIRQ	16	static
../Inc/core_cm4.h:1816:22:__NVIC_SetPriority	16	static
../Inc/core_cm4.h:1939:34:__NVIC_SystemReset	4	static,ignoring_inline_asm
../Src/gameplay.c:29:6:enable_clocks	4	static
../Src/gameplay.c:38:6:initialise_board	16	static
../Src/gameplay.c:45:6:ADC1_2_IRQHandler	8	static
../Src/gameplay.c:51:6:ADC3_IRQHandler	8	static
../Src/gameplay.c:60:6:EXTI0_IRQHandler	8	static
../Src/gameplay.c:75:6:EnableEXTIInterrupt	8	static,ignoring_inline_asm
../Src/gameplay.c:102:6:Timer2CompletionFunction	8	static
../Src/gameplay.c:124:6:Timer4CompletionFunction	8	static
../Src/gameplay.c:163:6:Phase1	16	static
../Src/gameplay.c:185:6:Phase2	16	static
../Src/gameplay.c:205:6:spin_and_count_leds	32	static
../Src/gameplay.c:240:6:GameTimer	16	static
../Src/gameplay.c:255:6:FlashEndLights	88	static
../Src/gameplay.c:379:6:RestartGame	40	static
../Src/gameplay.c:410:5:pow	24	static
