../Inc/core_cm4.h:1688:22:__NVIC_EnableIRQ	16	static
../Inc/core_cm4.h:1816:22:__NVIC_SetPriority	16	static
../Src/timer.c:50:6:TimerInitialise	24	static
../Src/timer.c:78:6:TIM2_IRQHandler	8	static
../Src/timer.c:95:6:TIM4_IRQHandler	8	static
../Src/timer.c:114:6:enable_timer_interrupt	8	static,ignoring_inline_asm
../Src/timer.c:136:10:getPrescaleValue	16	static
../Src/timer.c:144:6:setPrescaleValue	16	static
../Src/timer.c:158:10:getARRValue	16	static
../Src/timer.c:166:6:setARRValue	16	static
../Src/timer.c:177:6:setPeriod	16	static
../Src/timer.c:183:10:getPeriod	32	static
../Src/timer.c:199:6:setCompletionFunc	16	static
../Src/timer.c:204:6:setOneShotMode	24	static
../Src/timer.c:215:6:setContinuousMode	24	static
