../Core/Inc/core_cm4.h:1688:22:__NVIC_EnableIRQ	16	static
../Core/Inc/core_cm4.h:1724:22:__NVIC_DisableIRQ	16	static,ignoring_inline_asm
../Core/Inc/core_cm4.h:1777:22:__NVIC_ClearPendingIRQ	16	static
../Core/Inc/core_cm4.h:1816:22:__NVIC_SetPriority	16	static
../Core/Inc/core_cm4.h:1939:34:__NVIC_SystemReset	4	static,ignoring_inline_asm
../Core/Src/gameplay.c:32:6:enable_clocks	4	static
../Core/Src/gameplay.c:41:6:initialise_board	16	static
../Core/Src/gameplay.c:48:6:ADC1_2_IRQHandler	8	static
../Core/Src/gameplay.c:54:6:ADC3_IRQHandler	8	static
../Core/Src/gameplay.c:63:6:EXTI0_IRQHandler	8	static
../Core/Src/gameplay.c:78:6:EnableEXTIInterrupt	8	static,ignoring_inline_asm
../Core/Src/gameplay.c:105:6:Timer2CompletionFunction	8	static
../Core/Src/gameplay.c:127:6:Timer4CompletionFunction	96	static
../Core/Src/gameplay.c:169:6:Phase1	104	static
../Core/Src/gameplay.c:196:6:Phase2	104	static
../Core/Src/gameplay.c:220:6:spin_and_count_leds	32	static
../Core/Src/gameplay.c:255:6:GameTimer	16	static
../Core/Src/gameplay.c:270:6:FlashEndLights	176	static
../Core/Src/gameplay.c:398:6:RestartGame	40	static
