../Core/Src/main.c:82:5:main	8	static
../Core/Src/main.c:172:6:SystemClock_Config	128	static
../Core/Src/main.c:223:13:MX_I2C1_Init	8	static
../Core/Src/main.c:271:13:MX_SPI1_Init	8	static
../Core/Src/main.c:311:13:MX_TIM2_Init	48	static
../Core/Src/main.c:372:13:MX_TIM3_Init	48	static
../Core/Src/main.c:425:13:MX_USART1_Init	8	static
../Core/Src/main.c:459:13:MX_USB_PCD_Init	8	static
../Core/Src/main.c:490:13:MX_GPIO_Init	48	static
../Core/Src/main.c:545:6:Error_Handler	4	static,ignoring_inline_asm
